
   FAIL  Tests\Feature\Review\ReviewControllerTest
  Γ£ô review create page loads                                            0.61s  
  Γ£ô review create requires authentication                               0.08s  
  Γ£ô review create shows form                                            0.07s  
  Γ£ô review store validates required fields                              0.08s  
  Γ£ô review store validates rating                                       0.06s  
  Γ£ô review store validates rating below minimum                         0.05s  
  Γ£ô review store validates feedback                                     0.07s  
  Γ£ô review store creates review successfully                            0.07s  
  Γ£ô review store shows success message                                  0.09s  
  Γ£ô review store prevents duplicate reviews                             0.08s  
  Γ£ô review store requires authentication                                0.06s  
  Γ£ô review with rating 1 is valid                                       0.07s  
  Γ£ô review with rating 5 is valid                                       0.07s  
  Γ£ô review validates feedback max length                                0.06s  
  Γ£ô review creates with valid mentor id                                 0.07s  
  Γ£ô review creates with valid session id                                0.07s  
  Γ£ô review updates mentor rating                                        0.07s  
  Γ£ô review feedback stored correctly                                    0.07s  
  Γ¿» review index page loads                                             0.88s  
  Γ¿» review list displays reviews                                        0.46s  

   FAIL  Tests\Feature\Review\ReviewViewTest
  Γ£ô review create page displays form title                              0.10s  
  Γ£ô review form displays rating field                                   0.05s  
  Γ£ô review form displays feedback field                                 0.05s  
  Γ£ô review form displays mentor selection                               0.05s  
  Γ£ô review form displays session selection                              0.05s  
  Γ£ô review form has submit button                                       0.05s  
  Γ£ô review form displays rating scale                                   0.05s  
  Γ£ô review form has gradient styling                                    0.05s  
  Γ£ô review form displays instructions                                   0.06s  
  Γ£ô review form displays placeholder text                               0.05s  
  Γ£ô review form has card styling                                        0.06s  
  Γ£ô review form displays required indicators                            0.06s  
  Γ¿» review index displays reviews                                       0.40s  
  Γ¿» review index displays mentor name                                   0.42s  
  Γ¿» review index displays rating                                        0.45s  
  Γ¿» review index displays feedback                                      0.43s  
  Γ£ô review card displays in grid                                        0.43s  
  Γ¿» review displays user avatar                                         0.43s  
  Γ¿» review displays date                                                0.45s  
  Γ¿» review empty state message                                          0.42s  
  Γ£ô review form has cancel button                                       0.06s  
  Γ¿» review index page has header                                        0.39s  
  Γ¿» review rating displayed as stars                                    0.40s  
  Γ£ô review cards have shadow styling                                    0.40s  
  Γ¿» review displays mentor expertise                                    0.39s  
  Γ£ô review form displays header text                                    0.06s  
  Γ£ô review page requires authentication                                 0.05s  
  Γ£ô review form displays form sections                                  0.05s  
  ΓöÇΓöÇΓöÇΓöÇΓöÇΓöÇΓöÇΓöÇΓöÇΓöÇΓöÇΓöÇΓöÇΓöÇΓöÇΓöÇΓöÇΓöÇΓöÇΓöÇΓöÇΓöÇΓöÇΓöÇΓöÇΓöÇΓöÇΓöÇΓöÇΓöÇΓöÇΓöÇΓöÇΓöÇΓöÇΓöÇΓöÇΓöÇΓöÇΓöÇΓöÇΓöÇΓöÇΓöÇΓöÇΓöÇΓöÇΓöÇΓöÇΓöÇΓöÇΓöÇΓöÇΓöÇΓöÇΓöÇΓöÇΓöÇΓöÇΓöÇΓöÇΓöÇΓöÇΓöÇΓöÇΓöÇΓöÇΓöÇΓöÇΓöÇΓöÇΓöÇΓöÇΓöÇΓöÇ  
   FAILED  Tests\Feature\Review\ReviewControllerTest > review index page loΓÇª   
  Expected response status code [200] but received 405.
Failed asserting that 405 is identical to 200.

  at tests\Feature\Review\ReviewControllerTest.php:313
    309Γûò         Review::factory()->create();
    310Γûò 
    311Γûò         $response = $this->get('/reviews');
    312Γûò 
  Γ₧£ 313Γûò         $response->assertStatus(200);
    314Γûò     }
    315Γûò 
    316Γûò     /**
    317Γûò      * Test: Review list displays reviews

  ΓöÇΓöÇΓöÇΓöÇΓöÇΓöÇΓöÇΓöÇΓöÇΓöÇΓöÇΓöÇΓöÇΓöÇΓöÇΓöÇΓöÇΓöÇΓöÇΓöÇΓöÇΓöÇΓöÇΓöÇΓöÇΓöÇΓöÇΓöÇΓöÇΓöÇΓöÇΓöÇΓöÇΓöÇΓöÇΓöÇΓöÇΓöÇΓöÇΓöÇΓöÇΓöÇΓöÇΓöÇΓöÇΓöÇΓöÇΓöÇΓöÇΓöÇΓöÇΓöÇΓöÇΓöÇΓöÇΓöÇΓöÇΓöÇΓöÇΓöÇΓöÇΓöÇΓöÇΓöÇΓöÇΓöÇΓöÇΓöÇΓöÇΓöÇΓöÇΓöÇΓöÇΓöÇΓöÇ  
   FAILED  Tests\Feature\Review\ReviewControllerTest > review list displaysΓÇª   
  Expected response status code [200] but received 405.
Failed asserting that 405 is identical to 200.

  at tests\Feature\Review\ReviewControllerTest.php:325
    321Γûò         Review::factory()->create(['rating' => 5]);
    322Γûò 
    323Γûò         $response = $this->get('/reviews');
    324Γûò 
  Γ₧£ 325Γûò         $response->assertStatus(200);
    326Γûò     }
    327Γûò }
    328Γûò

  ΓöÇΓöÇΓöÇΓöÇΓöÇΓöÇΓöÇΓöÇΓöÇΓöÇΓöÇΓöÇΓöÇΓöÇΓöÇΓöÇΓöÇΓöÇΓöÇΓöÇΓöÇΓöÇΓöÇΓöÇΓöÇΓöÇΓöÇΓöÇΓöÇΓöÇΓöÇΓöÇΓöÇΓöÇΓöÇΓöÇΓöÇΓöÇΓöÇΓöÇΓöÇΓöÇΓöÇΓöÇΓöÇΓöÇΓöÇΓöÇΓöÇΓöÇΓöÇΓöÇΓöÇΓöÇΓöÇΓöÇΓöÇΓöÇΓöÇΓöÇΓöÇΓöÇΓöÇΓöÇΓöÇΓöÇΓöÇΓöÇΓöÇΓöÇΓöÇΓöÇΓöÇΓöÇΓöÇ  
   FAILED  Tests\Feature\Review\ReviewViewTest > review index displays reviΓÇª   
  Expected response status code [200] but received 405.
Failed asserting that 405 is identical to 200.

  at tests\Feature\Review\ReviewViewTest.php:165
    161Γûò         ]);
    162Γûò 
    163Γûò         $response = $this->get('/reviews');
    164Γûò 
  Γ₧£ 165Γûò         $response->assertStatus(200);
    166Γûò     }
    167Γûò 
    168Γûò     /**
    169Γûò      * Test: Review index displays mentor name

  ΓöÇΓöÇΓöÇΓöÇΓöÇΓöÇΓöÇΓöÇΓöÇΓöÇΓöÇΓöÇΓöÇΓöÇΓöÇΓöÇΓöÇΓöÇΓöÇΓöÇΓöÇΓöÇΓöÇΓöÇΓöÇΓöÇΓöÇΓöÇΓöÇΓöÇΓöÇΓöÇΓöÇΓöÇΓöÇΓöÇΓöÇΓöÇΓöÇΓöÇΓöÇΓöÇΓöÇΓöÇΓöÇΓöÇΓöÇΓöÇΓöÇΓöÇΓöÇΓöÇΓöÇΓöÇΓöÇΓöÇΓöÇΓöÇΓöÇΓöÇΓöÇΓöÇΓöÇΓöÇΓöÇΓöÇΓöÇΓöÇΓöÇΓöÇΓöÇΓöÇΓöÇΓöÇΓöÇ  
   FAILED  Tests\Feature\Review\ReviewViewTest > review index displays mentΓÇª   
  Expected response status code [200] but received 405.
Failed asserting that 405 is identical to 200.

  at tests\Feature\Review\ReviewViewTest.php:180
    176Γûò         ]);
    177Γûò 
    178Γûò         $response = $this->get('/reviews');
    179Γûò 
  Γ₧£ 180Γûò         $response->assertStatus(200);
    181Γûò     }
    182Γûò 
    183Γûò     /**
    184Γûò      * Test: Review index displays rating

  ΓöÇΓöÇΓöÇΓöÇΓöÇΓöÇΓöÇΓöÇΓöÇΓöÇΓöÇΓöÇΓöÇΓöÇΓöÇΓöÇΓöÇΓöÇΓöÇΓöÇΓöÇΓöÇΓöÇΓöÇΓöÇΓöÇΓöÇΓöÇΓöÇΓöÇΓöÇΓöÇΓöÇΓöÇΓöÇΓöÇΓöÇΓöÇΓöÇΓöÇΓöÇΓöÇΓöÇΓöÇΓöÇΓöÇΓöÇΓöÇΓöÇΓöÇΓöÇΓöÇΓöÇΓöÇΓöÇΓöÇΓöÇΓöÇΓöÇΓöÇΓöÇΓöÇΓöÇΓöÇΓöÇΓöÇΓöÇΓöÇΓöÇΓöÇΓöÇΓöÇΓöÇΓöÇΓöÇ  
   FAILED  Tests\Feature\Review\ReviewViewTest > review index displays ratiΓÇª   
  Expected response status code [200] but received 405.
Failed asserting that 405 is identical to 200.

  at tests\Feature\Review\ReviewViewTest.php:195
    191Γûò         ]);
    192Γûò 
    193Γûò         $response = $this->get('/reviews');
    194Γûò 
  Γ₧£ 195Γûò         $response->assertStatus(200);
    196Γûò     }
    197Γûò 
    198Γûò     /**
    199Γûò      * Test: Review index displays feedback text

  ΓöÇΓöÇΓöÇΓöÇΓöÇΓöÇΓöÇΓöÇΓöÇΓöÇΓöÇΓöÇΓöÇΓöÇΓöÇΓöÇΓöÇΓöÇΓöÇΓöÇΓöÇΓöÇΓöÇΓöÇΓöÇΓöÇΓöÇΓöÇΓöÇΓöÇΓöÇΓöÇΓöÇΓöÇΓöÇΓöÇΓöÇΓöÇΓöÇΓöÇΓöÇΓöÇΓöÇΓöÇΓöÇΓöÇΓöÇΓöÇΓöÇΓöÇΓöÇΓöÇΓöÇΓöÇΓöÇΓöÇΓöÇΓöÇΓöÇΓöÇΓöÇΓöÇΓöÇΓöÇΓöÇΓöÇΓöÇΓöÇΓöÇΓöÇΓöÇΓöÇΓöÇΓöÇΓöÇ  
   FAILED  Tests\Feature\Review\ReviewViewTest > review index displays feedΓÇª   
  Expected response status code [200] but received 405.
Failed asserting that 405 is identical to 200.

  at tests\Feature\Review\ReviewViewTest.php:210
    206Γûò         ]);
    207Γûò 
    208Γûò         $response = $this->get('/reviews');
    209Γûò 
  Γ₧£ 210Γûò         $response->assertStatus(200);
    211Γûò     }
    212Γûò 
    213Γûò     /**
    214Γûò      * Test: Review card displays in grid layout

  ΓöÇΓöÇΓöÇΓöÇΓöÇΓöÇΓöÇΓöÇΓöÇΓöÇΓöÇΓöÇΓöÇΓöÇΓöÇΓöÇΓöÇΓöÇΓöÇΓöÇΓöÇΓöÇΓöÇΓöÇΓöÇΓöÇΓöÇΓöÇΓöÇΓöÇΓöÇΓöÇΓöÇΓöÇΓöÇΓöÇΓöÇΓöÇΓöÇΓöÇΓöÇΓöÇΓöÇΓöÇΓöÇΓöÇΓöÇΓöÇΓöÇΓöÇΓöÇΓöÇΓöÇΓöÇΓöÇΓöÇΓöÇΓöÇΓöÇΓöÇΓöÇΓöÇΓöÇΓöÇΓöÇΓöÇΓöÇΓöÇΓöÇΓöÇΓöÇΓöÇΓöÇΓöÇΓöÇ  
   FAILED  Tests\Feature\Review\ReviewViewTest > review displays user avataΓÇª   
  Expected response status code [200] but received 405.
Failed asserting that 405 is identical to 200.

  at tests\Feature\Review\ReviewViewTest.php:234
    230Γûò         Review::factory()->create();
    231Γûò 
    232Γûò         $response = $this->get('/reviews');
    233Γûò 
  Γ₧£ 234Γûò         $response->assertStatus(200);
    235Γûò     }
    236Γûò 
    237Γûò     /**
    238Γûò      * Test: Review displays date

  ΓöÇΓöÇΓöÇΓöÇΓöÇΓöÇΓöÇΓöÇΓöÇΓöÇΓöÇΓöÇΓöÇΓöÇΓöÇΓöÇΓöÇΓöÇΓöÇΓöÇΓöÇΓöÇΓöÇΓöÇΓöÇΓöÇΓöÇΓöÇΓöÇΓöÇΓöÇΓöÇΓöÇΓöÇΓöÇΓöÇΓöÇΓöÇΓöÇΓöÇΓöÇΓöÇΓöÇΓöÇΓöÇΓöÇΓöÇΓöÇΓöÇΓöÇΓöÇΓöÇΓöÇΓöÇΓöÇΓöÇΓöÇΓöÇΓöÇΓöÇΓöÇΓöÇΓöÇΓöÇΓöÇΓöÇΓöÇΓöÇΓöÇΓöÇΓöÇΓöÇΓöÇΓöÇΓöÇ  
   FAILED  Tests\Feature\Review\ReviewViewTest > review displays date          
  Expected response status code [200] but received 405.
Failed asserting that 405 is identical to 200.

  at tests\Feature\Review\ReviewViewTest.php:246
    242Γûò         Review::factory()->create();
    243Γûò 
    244Γûò         $response = $this->get('/reviews');
    245Γûò 
  Γ₧£ 246Γûò         $response->assertStatus(200);
    247Γûò     }
    248Γûò 
    249Γûò     /**
    250Γûò      * Test: Review empty state message

  ΓöÇΓöÇΓöÇΓöÇΓöÇΓöÇΓöÇΓöÇΓöÇΓöÇΓöÇΓöÇΓöÇΓöÇΓöÇΓöÇΓöÇΓöÇΓöÇΓöÇΓöÇΓöÇΓöÇΓöÇΓöÇΓöÇΓöÇΓöÇΓöÇΓöÇΓöÇΓöÇΓöÇΓöÇΓöÇΓöÇΓöÇΓöÇΓöÇΓöÇΓöÇΓöÇΓöÇΓöÇΓöÇΓöÇΓöÇΓöÇΓöÇΓöÇΓöÇΓöÇΓöÇΓöÇΓöÇΓöÇΓöÇΓöÇΓöÇΓöÇΓöÇΓöÇΓöÇΓöÇΓöÇΓöÇΓöÇΓöÇΓöÇΓöÇΓöÇΓöÇΓöÇΓöÇΓöÇ  
   FAILED  Tests\Feature\Review\ReviewViewTest > review empty state message    
  Expected response status code [200] but received 405.
Failed asserting that 405 is identical to 200.

  at tests\Feature\Review\ReviewViewTest.php:256
    252Γûò     public function test_review_empty_state_message(): void
    253Γûò     {
    254Γûò         $response = $this->get('/reviews');
    255Γûò 
  Γ₧£ 256Γûò         $response->assertStatus(200);
    257Γûò     }
    258Γûò 
    259Γûò     /**
    260Γûò      * Test: Review form has cancel button

  ΓöÇΓöÇΓöÇΓöÇΓöÇΓöÇΓöÇΓöÇΓöÇΓöÇΓöÇΓöÇΓöÇΓöÇΓöÇΓöÇΓöÇΓöÇΓöÇΓöÇΓöÇΓöÇΓöÇΓöÇΓöÇΓöÇΓöÇΓöÇΓöÇΓöÇΓöÇΓöÇΓöÇΓöÇΓöÇΓöÇΓöÇΓöÇΓöÇΓöÇΓöÇΓöÇΓöÇΓöÇΓöÇΓöÇΓöÇΓöÇΓöÇΓöÇΓöÇΓöÇΓöÇΓöÇΓöÇΓöÇΓöÇΓöÇΓöÇΓöÇΓöÇΓöÇΓöÇΓöÇΓöÇΓöÇΓöÇΓöÇΓöÇΓöÇΓöÇΓöÇΓöÇΓöÇΓöÇ  
   FAILED  Tests\Feature\Review\ReviewViewTest > review index page has headΓÇª   
  Expected response status code [200] but received 405.
Failed asserting that 405 is identical to 200.

  at tests\Feature\Review\ReviewViewTest.php:276
    272Γûò     public function test_review_index_page_has_header(): void
    273Γûò     {
    274Γûò         $response = $this->get('/reviews');
    275Γûò 
  Γ₧£ 276Γûò         $response->assertStatus(200);
    277Γûò     }
    278Γûò 
    279Γûò     /**
    280Γûò      * Test: Review rating displayed as stars or number

  ΓöÇΓöÇΓöÇΓöÇΓöÇΓöÇΓöÇΓöÇΓöÇΓöÇΓöÇΓöÇΓöÇΓöÇΓöÇΓöÇΓöÇΓöÇΓöÇΓöÇΓöÇΓöÇΓöÇΓöÇΓöÇΓöÇΓöÇΓöÇΓöÇΓöÇΓöÇΓöÇΓöÇΓöÇΓöÇΓöÇΓöÇΓöÇΓöÇΓöÇΓöÇΓöÇΓöÇΓöÇΓöÇΓöÇΓöÇΓöÇΓöÇΓöÇΓöÇΓöÇΓöÇΓöÇΓöÇΓöÇΓöÇΓöÇΓöÇΓöÇΓöÇΓöÇΓöÇΓöÇΓöÇΓöÇΓöÇΓöÇΓöÇΓöÇΓöÇΓöÇΓöÇΓöÇΓöÇ  
   FAILED  Tests\Feature\Review\ReviewViewTest > review rating displayed asΓÇª   
  Expected response status code [200] but received 405.
Failed asserting that 405 is identical to 200.

  at tests\Feature\Review\ReviewViewTest.php:288
    284Γûò         Review::factory()->create(['rating' => 5]);
    285Γûò 
    286Γûò         $response = $this->get('/reviews');
    287Γûò 
  Γ₧£ 288Γûò         $response->assertStatus(200);
    289Γûò     }
    290Γûò 
    291Γûò     /**
    292Γûò      * Test: Review cards have shadow styling

  ΓöÇΓöÇΓöÇΓöÇΓöÇΓöÇΓöÇΓöÇΓöÇΓöÇΓöÇΓöÇΓöÇΓöÇΓöÇΓöÇΓöÇΓöÇΓöÇΓöÇΓöÇΓöÇΓöÇΓöÇΓöÇΓöÇΓöÇΓöÇΓöÇΓöÇΓöÇΓöÇΓöÇΓöÇΓöÇΓöÇΓöÇΓöÇΓöÇΓöÇΓöÇΓöÇΓöÇΓöÇΓöÇΓöÇΓöÇΓöÇΓöÇΓöÇΓöÇΓöÇΓöÇΓöÇΓöÇΓöÇΓöÇΓöÇΓöÇΓöÇΓöÇΓöÇΓöÇΓöÇΓöÇΓöÇΓöÇΓöÇΓöÇΓöÇΓöÇΓöÇΓöÇΓöÇΓöÇ  
   FAILED  Tests\Feature\Review\ReviewViewTest > review displays mentor expΓÇª   
  Expected response status code [200] but received 405.
Failed asserting that 405 is identical to 200.

  at tests\Feature\Review\ReviewViewTest.php:314
    310Γûò         ]);
    311Γûò 
    312Γûò         $response = $this->get('/reviews');
    313Γûò 
  Γ₧£ 314Γûò         $response->assertStatus(200);
    315Γûò     }
    316Γûò 
    317Γûò     /**
    318Γûò      * Test: Review form displays header text


  Tests:    12 failed, 36 passed (61 assertions)
  Duration: 9.26s

